App.tsx(144,33): error TS2339: Property 'isCameraEnabled' does not exist on type '{ isLiveConnected: boolean; isConnectingLive: boolean; volume: number; isMicMuted: boolean; toggleMic: () => void; handleConnectLive: () => void; handleDisconnectLive: () => void; }'.
App.tsx(145,32): error TS2339: Property 'toggleCamera' does not exist on type '{ isLiveConnected: boolean; isConnectingLive: boolean; volume: number; isMicMuted: boolean; toggleMic: () => void; handleConnectLive: () => void; handleDisconnectLive: () => void; }'.
App.tsx(146,31): error TS2339: Property 'sessionTokens' does not exist on type '{ isLiveConnected: boolean; isConnectingLive: boolean; volume: number; isMicMuted: boolean; toggleMic: () => void; handleConnectLive: () => void; handleDisconnectLive: () => void; }'.
